******************************************************************************
                  TI ARM Linker PC v20.2.6                     
******************************************************************************
>> Linked Thu Jun  2 20:03:19 2022

OUTPUT FILE NAME:   <ProyectoLab.out>
ENTRY POINT SYMBOL: "_c_int00_noargs"  address: 00001f29


MEMORY CONFIGURATION

         name            origin    length      used     unused   attr    fill
----------------------  --------  ---------  --------  --------  ----  --------
  FLASH                 00000000   00040000  0000253e  0003dac2  R  X
  SRAM                  20000000   00008000  000002b5  00007d4b  RW X


SEGMENT ALLOCATION MAP

run origin  load origin   length   init length attrs members
----------  ----------- ---------- ----------- ----- -------
00000000    00000000    00002540   00002540    r-x
  00000000    00000000    0000026c   0000026c    r-- .intvecs
  0000026c    0000026c    00001f32   00001f32    r-x .text
  000021a0    000021a0    00000368   00000368    r-- .const
  00002508    00002508    00000038   00000038    r-- .cinit
20000000    20000000    000002b8   00000000    rw-
  20000000    20000000    00000200   00000000    rw- .stack
  20000200    20000200    00000095   00000000    rw- .bss
  20000298    20000298    00000020   00000000    rw- .data


SECTION ALLOCATION MAP

 output                                  attributes/
section   page    origin      length       input sections
--------  ----  ----------  ----------   ----------------
.intvecs   0    00000000    0000026c     
                  00000000    0000026c     tm4c123gh6pm_startup_ccs.obj (.intvecs)

.text      0    0000026c    00001f32     
                  0000026c    0000063c     main.obj (.text)
                  000008a8    000004dc     uartstdio.obj (.text)
                  00000d84    00000460     rtsv7M4_T_le_v4SPD16_eabi.lib : strtod.c.obj (.text:strtod)
                  000011e4    000001b6                                   : fd_add_t2.asm.obj (.text)
                  0000139a    00000136                                   : fd_div_t2.asm.obj (.text)
                  000014d0    00000132     driverlib.lib : gpio.obj (.text:GPIOPadConfigSet)
                  00001602    00000002     rtsv7M4_T_le_v4SPD16_eabi.lib : div0.asm.obj (.text)
                  00001604    00000110     driverlib.lib : sysctl.obj (.text:SysCtlClockGet)
                  00001714    00000110     rtsv7M4_T_le_v4SPD16_eabi.lib : s_scalbn.c.obj (.text:scalbn)
                  00001824    000000fc                                   : fd_mul_t2.asm.obj (.text)
                  00001920    000000f4     driverlib.lib : sysctl.obj (.text:SysCtlClockSet)
                  00001a14    0000009c     rtsv7M4_T_le_v4SPD16_eabi.lib : memcpy_t2.asm.obj (.text)
                  00001ab0    00000086                                   : fd_cmp_t2.asm.obj (.text:__aeabi_cdcmple)
                  00001b36    0000007a     driverlib.lib : adc.obj (.text:ADCSequenceStepConfigure)
                  00001bb0    0000006e     rtsv7M4_T_le_v4SPD16_eabi.lib : fd_tos_t2.asm.obj (.text)
                  00001c1e    00000002     --HOLE-- [fill = 0]
                  00001c20    00000068     driverlib.lib : interrupt.obj (.text:IntEnable)
                  00001c88    00000068     rtsv7M4_T_le_v4SPD16_eabi.lib : copy_decompress_lzss.c.obj (.text:decompress:lzss:__TI_decompress_lzss)
                  00001cf0    00000060     driverlib.lib : timer.obj (.text:TimerConfigure)
                  00001d50    00000050                   : adc.obj (.text:ADCSequenceConfigure)
                  00001da0    0000004c     rtsv7M4_T_le_v4SPD16_eabi.lib : atoi.c.obj (.text:atoi)
                  00001dec    00000048     driverlib.lib : gpio.obj (.text:GPIOPinConfigure)
                  00001e34    00000044     rtsv7M4_T_le_v4SPD16_eabi.lib : autoinit.c.obj (.text:__TI_auto_init_nobinit_nopinit:__TI_auto_init_nobinit_nopinit)
                  00001e78    00000040                                   : u_divt2.asm.obj (.text)
                  00001eb8    0000003c     driverlib.lib : ssi.obj (.text:SSIConfigSetExpClk)
                  00001ef4    00000034                   : sysctl.obj (.text:SysCtlPeripheralEnable)
                  00001f28    00000034     rtsv7M4_T_le_v4SPD16_eabi.lib : boot_cortex_m.c.obj (.text:_c_int00_noargs:_c_int00_noargs)
                  00001f5c    0000002e     driverlib.lib : adc.obj (.text:ADCIntStatus)
                  00001f8a    0000002a                   : gpio.obj (.text:GPIODirModeSet)
                  00001fb4    00000020     rtsv7M4_T_le_v4SPD16_eabi.lib : u_tofd_t2.asm.obj (.text)
                  00001fd4    0000001e     driverlib.lib : adc.obj (.text:ADCSequenceDataGet)
                  00001ff2    0000001c     rtsv7M4_T_le_v4SPD16_eabi.lib : copy_zero_init.c.obj (.text:decompress:ZI:__TI_zero_init_nomemset:__TI_zero_init_nomemset)
                  0000200e    0000001a                                   : s_copysign.c.obj (.text:copysign)
                  00002028    00000018     driverlib.lib : adc.obj (.text:ADCProcessorTrigger)
                  00002040    00000018                   : gpio.obj (.text:GPIOPinTypeGPIOOutput)
                  00002058    00000012                   : gpio.obj (.text:GPIOPinTypeADC)
                  0000206a    00000012                   : gpio.obj (.text:GPIOPinTypeSSI)
                  0000207c    00000012                   : gpio.obj (.text:GPIOPinTypeUART)
                  0000208e    00000012                   : ssi.obj (.text:SSIDataGetNonBlocking)
                  000020a0    00000012                   : timer.obj (.text:TimerLoadSet)
                  000020b2    00000012     rtsv7M4_T_le_v4SPD16_eabi.lib : atof.c.obj (.text:atof)
                  000020c4    00000010     driverlib.lib : interrupt.obj (.text:IntMasterEnable)
                  000020d4    0000000e                   : adc.obj (.text:ADCSequenceEnable)
                  000020e2    0000000e                   : timer.obj (.text:TimerEnable)
                  000020f0    0000000e                   : uart.obj (.text:UARTCharGetNonBlocking)
                  000020fe    0000000e                   : uart.obj (.text:UARTCharsAvail)
                  0000210c    0000000e     rtsv7M4_T_le_v4SPD16_eabi.lib : copy_decompress_none.c.obj (.text:decompress:none:__TI_decompress_none)
                  0000211a    0000000c     driverlib.lib : cpu.obj (.text:CPUcpsie)
                  00002126    0000000c     tm4c123gh6pm_startup_ccs.obj (.text)
                  00002132    0000000a     driverlib.lib : adc.obj (.text:ADCIntClear)
                  0000213c    0000000a                   : ssi.obj (.text:SSIDataPut)
                  00002146    0000000a                   : ssi.obj (.text:SSIEnable)
                  00002150    0000000a                   : uart.obj (.text:UARTIntStatus)
                  0000215a    00000008                   : ssi.obj (.text:SSIBusy)
                  00002162    00000008                   : timer.obj (.text:TimerIntEnable)
                  0000216a    00000008                   : uart.obj (.text:UARTIntEnable)
                  00002172    00000002     --HOLE-- [fill = 0]
                  00002174    00000008     rtsv7M4_T_le_v4SPD16_eabi.lib : errno.c.obj (.text:__aeabi_errno_addr)
                  0000217c    00000006     driverlib.lib : gpio.obj (.text:GPIOPinWrite)
                  00002182    00000006                   : sysctl.obj (.text:SysCtlDelay)
                  00002188    00000006                   : uart.obj (.text:UARTClockSourceSet)
                  0000218e    00000004                   : timer.obj (.text:TimerIntClear)
                  00002192    00000004                   : uart.obj (.text:UARTIntClear)
                  00002196    00000004     rtsv7M4_T_le_v4SPD16_eabi.lib : pre_init.c.obj (.text:_system_pre_init)
                  0000219a    00000004                                   : exit.c.obj (.text:abort:abort)

.const     0    000021a0    00000368     
                  000021a0    00000101     rtsv7M4_T_le_v4SPD16_eabi.lib : ctype.c.obj (.const:.string:_ctypes_)
                  000022a1    00000003     --HOLE-- [fill = 0]
                  000022a4    00000004     uartstdio.obj (.const)
                  000022a8    000000c8     rtsv7M4_T_le_v4SPD16_eabi.lib : strtod.c.obj (.const:$O1$$)
                  00002370    00000090     driverlib.lib : gpio.obj (.const:g_pui32GPIOBaseAddrs)
                  00002400    00000070                   : interrupt.obj (.const)
                  00002470    0000006c                   : sysctl.obj (.const:g_pui32Xtals)
                  000024dc    00000012     uartstdio.obj (.const:.string)
                  000024ee    00000002     --HOLE-- [fill = 0]
                  000024f0    0000000c     uartstdio.obj (.const:g_ui32UARTBase)
                  000024fc    0000000c     uartstdio.obj (.const:g_ui32UARTPeriph)

.cinit     0    00002508    00000038     
                  00002508    00000013     (.cinit..data.load) [load image, compression = lzss]
                  0000251b    00000001     --HOLE-- [fill = 0]
                  0000251c    0000000c     (__TI_handler_table)
                  00002528    00000008     (.cinit..bss.load) [load image, compression = zero_init]
                  00002530    00000010     (__TI_cinit_table)

.init_array 
*          0    00000000    00000000     UNINITIALIZED

.bss       0    20000200    00000095     UNINITIALIZED
                  20000200    00000050     (.common:coeficientes)
                  20000250    00000014     (.common:recibido)
                  20000264    00000004     (.common:x_n)
                  20000268    00000004     (.common:x_n1)
                  2000026c    00000004     (.common:x_n2)
                  20000270    00000004     (.common:x_n3)
                  20000274    00000004     (.common:x_n4)
                  20000278    00000004     (.common:x_n5)
                  2000027c    00000004     (.common:y_n)
                  20000280    00000004     (.common:y_n1)
                  20000284    00000004     (.common:y_n2)
                  20000288    00000004     (.common:y_n3)
                  2000028c    00000004     (.common:y_n4)
                  20000290    00000004     (.common:y_n5)
                  20000294    00000001     (.common:temporal)

.data      0    20000298    00000020     UNINITIALIZED
                  20000298    00000012     main.obj (.data)
                  200002aa    00000002     --HOLE--
                  200002ac    00000005     uartstdio.obj (.data)
                  200002b1    00000003     --HOLE--
                  200002b4    00000004     rtsv7M4_T_le_v4SPD16_eabi.lib : errno.c.obj (.data)

.stack     0    20000000    00000200     UNINITIALIZED
                  20000000    00000004     rtsv7M4_T_le_v4SPD16_eabi.lib : boot_cortex_m.c.obj (.stack)
                  20000004    000001fc     --HOLE--

__llvm_prf_cnts 
*          0    20000000    00000000     UNINITIALIZED

MODULE SUMMARY

       Module                         code   ro data   rw data
       ------                         ----   -------   -------
    .\
       main.obj                       1596   0         167    
       uartstdio.obj                  1244   46        5      
       tm4c123gh6pm_startup_ccs.obj   12     620       0      
    +--+------------------------------+------+---------+---------+
       Total:                         2852   666       172    
                                                              
    C:/ti/TivaWare_C_Series-2.1.4.178/driverlib/ccs/Debug/driverlib.lib
       sysctl.obj                     574    108       0      
       gpio.obj                       504    144       0      
       adc.obj                        326    0         0      
       interrupt.obj                  120    112       0      
       timer.obj                      140    0         0      
       ssi.obj                        106    0         0      
       uart.obj                       56     0         0      
       cpu.obj                        12     0         0      
    +--+------------------------------+------+---------+---------+
       Total:                         1838   364       0      
                                                              
    C:\ti\ccs1110\ccs\tools\compiler\ti-cgt-arm_20.2.6.LTS\lib\rtsv7M4_T_le_v4SPD16_eabi.lib
       strtod.c.obj                   1120   200       0      
       fd_add_t2.asm.obj              438    0         0      
       fd_div_t2.asm.obj              310    0         0      
       s_scalbn.c.obj                 272    0         0      
       ctype.c.obj                    0      257       0      
       fd_mul_t2.asm.obj              252    0         0      
       memcpy_t2.asm.obj              156    0         0      
       fd_cmp_t2.asm.obj              134    0         0      
       fd_tos_t2.asm.obj              110    0         0      
       copy_decompress_lzss.c.obj     104    0         0      
       atoi.c.obj                     76     0         0      
       autoinit.c.obj                 68     0         0      
       u_divt2.asm.obj                64     0         0      
       boot_cortex_m.c.obj            52     0         0      
       u_tofd_t2.asm.obj              32     0         0      
       copy_zero_init.c.obj           28     0         0      
       s_copysign.c.obj               26     0         0      
       atof.c.obj                     18     0         0      
       copy_decompress_none.c.obj     14     0         0      
       errno.c.obj                    8      0         4      
       exit.c.obj                     4      0         0      
       pre_init.c.obj                 4      0         0      
       div0.asm.obj                   2      0         0      
    +--+------------------------------+------+---------+---------+
       Total:                         3292   457       4      
                                                              
       Stack:                         0      0         512    
       Linker Generated:              0      55        0      
    +--+------------------------------+------+---------+---------+
       Grand Total:                   7982   1542      688    


LINKER GENERATED COPY TABLES

__TI_cinit_table @ 00002530 records: 2, size/record: 8, table size: 16
	.data: load addr=00002508, load size=00000013 bytes, run addr=20000298, run size=00000020 bytes, compression=lzss
	.bss: load addr=00002528, load size=00000008 bytes, run addr=20000200, run size=00000095 bytes, compression=zero_init


LINKER GENERATED HANDLER TABLE

__TI_handler_table @ 0000251c records: 3, size/record: 4, table size: 12
	index: 0, handler: __TI_decompress_lzss
	index: 1, handler: __TI_decompress_none
	index: 2, handler: __TI_zero_init


GLOBAL SYMBOLS: SORTED ALPHABETICALLY BY Name 

address   name                          
-------   ----                          
00002133  ADCIntClear                   
00001f5d  ADCIntStatus                  
00002029  ADCProcessorTrigger           
00001d51  ADCSequenceConfigure          
00001fd5  ADCSequenceDataGet            
000020d5  ADCSequenceEnable             
00001b37  ADCSequenceStepConfigure      
0000219b  C$$EXIT                       
0000211b  CPUcpsie                      
00001f8b  GPIODirModeSet                
000014d1  GPIOPadConfigSet              
00001ded  GPIOPinConfigure              
00002059  GPIOPinTypeADC                
00002041  GPIOPinTypeGPIOOutput         
0000206b  GPIOPinTypeSSI                
0000207d  GPIOPinTypeUART               
0000217d  GPIOPinWrite                  
000006e9  InitConsole                   
00001c21  IntEnable                     
000020c5  IntMasterEnable               
00002127  ResetISR                      
00000635  SPIConfig                     
0000215b  SSIBusy                       
00001eb9  SSIConfigSetExpClk            
0000208f  SSIDataGetNonBlocking         
0000213d  SSIDataPut                    
00002147  SSIEnable                     
00001605  SysCtlClockGet                
00001921  SysCtlClockSet                
00002183  SysCtlDelay                   
00001ef5  SysCtlPeripheralEnable        
00000441  Timer0IntHandler              
00001cf1  TimerConfigure                
000020e3  TimerEnable                   
0000218f  TimerIntClear                 
00002163  TimerIntEnable                
000020a1  TimerLoadSet                  
000020f1  UARTCharGetNonBlocking        
000020ff  UARTCharsAvail                
00002189  UARTClockSourceSet            
00002193  UARTIntClear                  
0000216b  UARTIntEnable                 
0000026d  UARTIntHandler                
00002151  UARTIntStatus                 
000008a9  UARTStdioConfig               
00000a21  UARTgetc                      
0000095b  UARTgets                      
00000d4f  UARTprintf                    
00000a55  UARTvprintf                   
00000909  UARTwrite                     
20000200  __STACK_END                   
00000200  __STACK_SIZE                  
20000200  __STACK_TOP                   
00002530  __TI_CINIT_Base               
00002540  __TI_CINIT_Limit              
0000251c  __TI_Handler_Table_Base       
00002528  __TI_Handler_Table_Limit      
00001e35  __TI_auto_init_nobinit_nopinit
00001c89  __TI_decompress_lzss          
0000210d  __TI_decompress_none          
ffffffff  __TI_pprof_out_hndl           
ffffffff  __TI_prof_data_size           
ffffffff  __TI_prof_data_start          
00000000  __TI_static_base__            
00001ff3  __TI_zero_init_nomemset       
00001ab1  __aeabi_cdcmpeq               
00001ab1  __aeabi_cdcmple               
00001bb1  __aeabi_d2f                   
000011ef  __aeabi_dadd                  
0000139b  __aeabi_ddiv                  
00001825  __aeabi_dmul                  
000011e5  __aeabi_dsub                  
00002175  __aeabi_errno_addr            
00001603  __aeabi_idiv0                 
00001603  __aeabi_ldiv0                 
00001a15  __aeabi_memcpy                
00001a15  __aeabi_memcpy4               
00001a15  __aeabi_memcpy8               
00001fb5  __aeabi_ui2d                  
00001e79  __aeabi_uidiv                 
00001e79  __aeabi_uidivmod              
ffffffff  __binit__                     
ffffffff  __c_args__                    
UNDEFED   __mpu_init                    
20000000  __stack                       
20000000  __start___llvm_prf_cnts       
20000000  __stop___llvm_prf_cnts        
00001f29  _c_int00_noargs               
000021a0  _ctypes_                      
UNDEFED   _system_post_cinit            
00002197  _system_pre_init              
0000219b  abort                         
000020b3  atof                          
00001da1  atoi                          
ffffffff  binit                         
20000200  coeficientes                  
200002a0  comenzar                      
2000029c  contadorindex                 
20000298  contadornum                   
0000200f  copysign                      
0000200f  copysignl                     
200002b4  errno                         
200002a4  freq_muestreo                 
200002a8  freq_timer                    
00000000  g_pfnVectors                  
00001715  ldexp                         
00001715  ldexpl                        
0000076d  main                          
00001a15  memcpy                        
20000250  recibido                      
00001715  scalbn                        
00001715  scalbnl                       
00000d85  strtod                        
00000d85  strtold                       
20000294  temporal                      
20000264  x_n                           
20000268  x_n1                          
2000026c  x_n2                          
20000270  x_n3                          
20000274  x_n4                          
20000278  x_n5                          
2000027c  y_n                           
20000280  y_n1                          
20000284  y_n2                          
20000288  y_n3                          
2000028c  y_n4                          
20000290  y_n5                          


GLOBAL SYMBOLS: SORTED BY Symbol Address 

address   name                          
-------   ----                          
00000000  __TI_static_base__            
00000000  g_pfnVectors                  
00000200  __STACK_SIZE                  
0000026d  UARTIntHandler                
00000441  Timer0IntHandler              
00000635  SPIConfig                     
000006e9  InitConsole                   
0000076d  main                          
000008a9  UARTStdioConfig               
00000909  UARTwrite                     
0000095b  UARTgets                      
00000a21  UARTgetc                      
00000a55  UARTvprintf                   
00000d4f  UARTprintf                    
00000d85  strtod                        
00000d85  strtold                       
000011e5  __aeabi_dsub                  
000011ef  __aeabi_dadd                  
0000139b  __aeabi_ddiv                  
000014d1  GPIOPadConfigSet              
00001603  __aeabi_idiv0                 
00001603  __aeabi_ldiv0                 
00001605  SysCtlClockGet                
00001715  ldexp                         
00001715  ldexpl                        
00001715  scalbn                        
00001715  scalbnl                       
00001825  __aeabi_dmul                  
00001921  SysCtlClockSet                
00001a15  __aeabi_memcpy                
00001a15  __aeabi_memcpy4               
00001a15  __aeabi_memcpy8               
00001a15  memcpy                        
00001ab1  __aeabi_cdcmpeq               
00001ab1  __aeabi_cdcmple               
00001b37  ADCSequenceStepConfigure      
00001bb1  __aeabi_d2f                   
00001c21  IntEnable                     
00001c89  __TI_decompress_lzss          
00001cf1  TimerConfigure                
00001d51  ADCSequenceConfigure          
00001da1  atoi                          
00001ded  GPIOPinConfigure              
00001e35  __TI_auto_init_nobinit_nopinit
00001e79  __aeabi_uidiv                 
00001e79  __aeabi_uidivmod              
00001eb9  SSIConfigSetExpClk            
00001ef5  SysCtlPeripheralEnable        
00001f29  _c_int00_noargs               
00001f5d  ADCIntStatus                  
00001f8b  GPIODirModeSet                
00001fb5  __aeabi_ui2d                  
00001fd5  ADCSequenceDataGet            
00001ff3  __TI_zero_init_nomemset       
0000200f  copysign                      
0000200f  copysignl                     
00002029  ADCProcessorTrigger           
00002041  GPIOPinTypeGPIOOutput         
00002059  GPIOPinTypeADC                
0000206b  GPIOPinTypeSSI                
0000207d  GPIOPinTypeUART               
0000208f  SSIDataGetNonBlocking         
000020a1  TimerLoadSet                  
000020b3  atof                          
000020c5  IntMasterEnable               
000020d5  ADCSequenceEnable             
000020e3  TimerEnable                   
000020f1  UARTCharGetNonBlocking        
000020ff  UARTCharsAvail                
0000210d  __TI_decompress_none          
0000211b  CPUcpsie                      
00002127  ResetISR                      
00002133  ADCIntClear                   
0000213d  SSIDataPut                    
00002147  SSIEnable                     
00002151  UARTIntStatus                 
0000215b  SSIBusy                       
00002163  TimerIntEnable                
0000216b  UARTIntEnable                 
00002175  __aeabi_errno_addr            
0000217d  GPIOPinWrite                  
00002183  SysCtlDelay                   
00002189  UARTClockSourceSet            
0000218f  TimerIntClear                 
00002193  UARTIntClear                  
00002197  _system_pre_init              
0000219b  C$$EXIT                       
0000219b  abort                         
000021a0  _ctypes_                      
0000251c  __TI_Handler_Table_Base       
00002528  __TI_Handler_Table_Limit      
00002530  __TI_CINIT_Base               
00002540  __TI_CINIT_Limit              
20000000  __stack                       
20000000  __start___llvm_prf_cnts       
20000000  __stop___llvm_prf_cnts        
20000200  __STACK_END                   
20000200  __STACK_TOP                   
20000200  coeficientes                  
20000250  recibido                      
20000264  x_n                           
20000268  x_n1                          
2000026c  x_n2                          
20000270  x_n3                          
20000274  x_n4                          
20000278  x_n5                          
2000027c  y_n                           
20000280  y_n1                          
20000284  y_n2                          
20000288  y_n3                          
2000028c  y_n4                          
20000290  y_n5                          
20000294  temporal                      
20000298  contadornum                   
2000029c  contadorindex                 
200002a0  comenzar                      
200002a4  freq_muestreo                 
200002a8  freq_timer                    
200002b4  errno                         
ffffffff  __TI_pprof_out_hndl           
ffffffff  __TI_prof_data_size           
ffffffff  __TI_prof_data_start          
ffffffff  __binit__                     
ffffffff  __c_args__                    
ffffffff  binit                         
UNDEFED   __mpu_init                    
UNDEFED   _system_post_cinit            

[127 symbols]
